###############################################################################
#
# IAR ELF Linker V7.80.4.12462/W32 for ARM                22/Mar/2017  20:11:30
# Copyright 2007-2017 IAR Systems AB.
#
#    Output file  =  
#        F:\Documents\ARM\STM32CubeMX\Test UART\EWARM\Test UART\Exe\Test
#        UART.out
#    Map file     =  
#        F:\Documents\ARM\STM32CubeMX\Test UART\EWARM\Test UART\List\Test
#        UART.map
#    Command line =  
#        "F:\Documents\ARM\STM32CubeMX\Test UART\EWARM\Test UART\Obj\main.o"
#        "F:\Documents\ARM\STM32CubeMX\Test UART\EWARM\Test
#        UART\Obj\startup_stm32l152xc.o" "F:\Documents\ARM\STM32CubeMX\Test
#        UART\EWARM\Test UART\Obj\stm32l1xx_hal.o"
#        "F:\Documents\ARM\STM32CubeMX\Test UART\EWARM\Test
#        UART\Obj\stm32l1xx_hal_cortex.o" "F:\Documents\ARM\STM32CubeMX\Test
#        UART\EWARM\Test UART\Obj\stm32l1xx_hal_dma.o"
#        "F:\Documents\ARM\STM32CubeMX\Test UART\EWARM\Test
#        UART\Obj\stm32l1xx_hal_flash.o" "F:\Documents\ARM\STM32CubeMX\Test
#        UART\EWARM\Test UART\Obj\stm32l1xx_hal_flash_ex.o"
#        "F:\Documents\ARM\STM32CubeMX\Test UART\EWARM\Test
#        UART\Obj\stm32l1xx_hal_flash_ramfunc.o"
#        "F:\Documents\ARM\STM32CubeMX\Test UART\EWARM\Test
#        UART\Obj\stm32l1xx_hal_gpio.o" "F:\Documents\ARM\STM32CubeMX\Test
#        UART\EWARM\Test UART\Obj\stm32l1xx_hal_msp.o"
#        "F:\Documents\ARM\STM32CubeMX\Test UART\EWARM\Test
#        UART\Obj\stm32l1xx_hal_pwr.o" "F:\Documents\ARM\STM32CubeMX\Test
#        UART\EWARM\Test UART\Obj\stm32l1xx_hal_pwr_ex.o"
#        "F:\Documents\ARM\STM32CubeMX\Test UART\EWARM\Test
#        UART\Obj\stm32l1xx_hal_rcc.o" "F:\Documents\ARM\STM32CubeMX\Test
#        UART\EWARM\Test UART\Obj\stm32l1xx_hal_rcc_ex.o"
#        "F:\Documents\ARM\STM32CubeMX\Test UART\EWARM\Test
#        UART\Obj\stm32l1xx_hal_tim.o" "F:\Documents\ARM\STM32CubeMX\Test
#        UART\EWARM\Test UART\Obj\stm32l1xx_hal_tim_ex.o"
#        "F:\Documents\ARM\STM32CubeMX\Test UART\EWARM\Test
#        UART\Obj\stm32l1xx_hal_uart.o" "F:\Documents\ARM\STM32CubeMX\Test
#        UART\EWARM\Test UART\Obj\stm32l1xx_it.o"
#        "F:\Documents\ARM\STM32CubeMX\Test UART\EWARM\Test
#        UART\Obj\system_stm32l1xx.o" --redirect _Printf=_PrintfFull --redirect
#        _Scanf=_ScanfFull -o "F:\Documents\ARM\STM32CubeMX\Test
#        UART\EWARM\Test UART\Exe\Test UART.out" --map
#        "F:\Documents\ARM\STM32CubeMX\Test UART\EWARM\Test UART\List\Test
#        UART.map" --config "F:\Documents\ARM\STM32CubeMX\Test
#        UART\EWARM/stm32l152xc_flash.icf" --semihosting --entry
#        __iar_program_start --vfe
#
###############################################################################

*******************************************************************************
*** RUNTIME MODEL ATTRIBUTES
***

CppFlavor                     = *
__Heap_Handler                = Basic
__SystemLibrary               = DLib
__dlib_dynamic_initialization = normal


*******************************************************************************
*** PLACEMENT SUMMARY
***

"A0":  place at 0x08000000 { ro section .intvec };
"P1":  place in [from 0x08000000 to 0x0803ffff] { ro };
"P2":  place in [from 0x20000000 to 0x20007fff] { rw, block CSTACK, block HEAP };
initialize by copy { rw };

  Section             Kind        Address    Size  Object
  -------             ----        -------    ----  ------
"A0":                                       0x124
  .intvec             ro code  0x08000000   0x124  startup_stm32l152xc.o [1]
                             - 0x08000124   0x124

"P1":                                      0x3379
  .text               ro code  0x08000124  0x119a  xprintffull.o [3]
  .text               ro code  0x080012be    0x20  xmbtowc.o [3]
  .text               ro code  0x080012e0    0x16  strchr.o [5]
  .text               ro code  0x080012f8    0x36  strlen.o [5]
  .text               ro code  0x08001330    0x58  memchr.o [5]
  .text               ro code  0x08001388     0xa  xmbcurmax.o [3]
  .text               ro code  0x08001394    0xb0  xxmemxmalloc.o [3]
  .text               ro code  0x08001444    0x1a  xwctomb.o [3]
  .text               ro code  0x08001460    0x76  ABImemcpy_unaligned.o [5]
  .text               ro code  0x080014d8    0x80  xxmemxfree.o [3]
  .text               ro code  0x08001558    0xee  I64DivMod.o [5]
  .text               ro code  0x08001646    0x44  xdnorm.o [4]
  .text               ro code  0x0800168c    0x2e  DblCmpLe.o [4]
  .text               ro code  0x080016bc    0x2e  DblCmpGe.o [4]
  .text               ro code  0x080016ec   0x10c  xdscale.o [4]
  .text               ro code  0x080017f8    0x58  DblToI32.o [4]
  .text               ro code  0x08001850    0x30  I32ToDbl.o [4]
  .text               ro code  0x08001880   0x180  DblSub.o [4]
  .text               ro code  0x08001a00   0x1a2  DblMul.o [4]
  .text               ro code  0x08001ba4   0x256  DblDiv.o [4]
  .text               ro code  0x08001dfc    0x6c  localeconv.o [3]
  .text               ro code  0x08001e68     0xe  div.o [3]
  .text               ro code  0x08001e78    0x14  setlocale.o [3]
  .text               ro code  0x08001e8c    0x60  xencoding_sb.o [3]
  .text               ro code  0x08001eec    0x2c  xgetmemchunk.o [3]
  .text               ro code  0x08001f18     0x2  I64DivZer.o [5]
  .text               ro code  0x08001f1c    0xd4  DblAdd.o [4]
  .text               ro code  0x08001ff0     0x2  xtls.o [3]
  .text               ro code  0x08001ff4   0x61c  stm32l1xx_hal_rcc.o [1]
  .text               ro code  0x08002610     0xc  stm32l1xx_hal.o [1]
  .text               ro code  0x0800261c    0x28  stm32l1xx_hal.o [1]
  .text               ro code  0x08002644    0x10  stm32l1xx_hal_pwr_ex.o [1]
  .text               ro code  0x08002654    0xde  stm32l1xx_hal_cortex.o [1]
  .text               ro code  0x08002734   0x4e6  stm32l1xx_hal_uart.o [1]
  .text               ro code  0x08002c1c    0xf8  stm32l1xx_hal_msp.o [1]
  .text               ro code  0x08002d14     0x2  stm32l1xx_hal_uart.o [1]
  .text               ro code  0x08002d16     0x2  stm32l1xx_hal_uart.o [1]
  .text               ro code  0x08002d18     0x2  stm32l1xx_hal_uart.o [1]
  .text               ro code  0x08002d1c   0x1a0  stm32l1xx_hal_gpio.o [1]
  .text               ro code  0x08002ebc   0x294  main.o [1]
  .text               ro code  0x08003150    0x16  stm32l1xx_hal.o [1]
  .text               ro code  0x08003168    0x24  printf.o [3]
  .text               ro code  0x0800318c    0x18  stm32l1xx_hal.o [1]
  .text               ro code  0x080031a4    0x64  system_stm32l1xx.o [1]
  .text               ro code  0x08003208    0x40  zero_init3.o [5]
  .text               ro code  0x08003248    0x38  packbits_init_single.o [5]
  .text               ro code  0x08003280    0x28  data_init.o [5]
  .iar.init_table     const    0x080032a8    0x20  - Linker created -
  .text               ro code  0x080032c8    0x1a  cmain.o [5]
  .text               ro code  0x080032e2     0x4  low_level_init.o [3]
  .text               ro code  0x080032e6     0x4  exit.o [3]
  .text               ro code  0x080032ec     0xa  cexit.o [5]
  .text               ro code  0x080032f8    0x14  exit.o [6]
  .text               ro code  0x0800330c    0x18  stm32l1xx_it.o [1]
  .text               ro code  0x08003324    0x10  stm32l1xx_hal.o [1]
  .text               ro code  0x08003334    0x16  xprout.o [3]
  .text               ro code  0x0800334c     0xc  putchar.o [3]
  .text               ro code  0x08003358    0x10  startup_stm32l152xc.o [1]
  .text               ro code  0x08003368     0xc  cstartup_M.o [5]
  .rodata             const    0x08003374     0x8  system_stm32l1xx.o [1]
  .text               ro code  0x0800337c     0x4  startup_stm32l152xc.o [1]
  .text               ro code  0x08003380     0x4  startup_stm32l152xc.o [1]
  .text               ro code  0x08003384     0x4  startup_stm32l152xc.o [1]
  .text               ro code  0x08003388     0x4  startup_stm32l152xc.o [1]
  .text               ro code  0x0800338c     0x4  startup_stm32l152xc.o [1]
  .text               ro code  0x08003390     0x4  startup_stm32l152xc.o [1]
  .text               ro code  0x08003394     0x4  startup_stm32l152xc.o [1]
  .text               ro code  0x08003398     0x4  startup_stm32l152xc.o [1]
  .text               ro code  0x0800339c     0x4  startup_stm32l152xc.o [1]
  .text               ro code  0x080033a0     0x4  startup_stm32l152xc.o [1]
  .text               ro code  0x080033a4     0x4  startup_stm32l152xc.o [1]
  .text               ro code  0x080033a8     0x4  startup_stm32l152xc.o [1]
  .text               ro code  0x080033ac     0x4  startup_stm32l152xc.o [1]
  .text               ro code  0x080033b0     0x4  startup_stm32l152xc.o [1]
  .text               ro code  0x080033b4     0x4  startup_stm32l152xc.o [1]
  .text               ro code  0x080033b8     0x4  startup_stm32l152xc.o [1]
  .text               ro code  0x080033bc     0x4  startup_stm32l152xc.o [1]
  .text               ro code  0x080033c0     0x4  startup_stm32l152xc.o [1]
  .text               ro code  0x080033c4     0x4  startup_stm32l152xc.o [1]
  .text               ro code  0x080033c8     0x4  startup_stm32l152xc.o [1]
  .text               ro code  0x080033cc     0x4  startup_stm32l152xc.o [1]
  .text               ro code  0x080033d0     0x4  startup_stm32l152xc.o [1]
  .text               ro code  0x080033d4     0x4  startup_stm32l152xc.o [1]
  .text               ro code  0x080033d8     0x4  startup_stm32l152xc.o [1]
  .text               ro code  0x080033dc     0x4  startup_stm32l152xc.o [1]
  .text               ro code  0x080033e0     0x4  startup_stm32l152xc.o [1]
  .text               ro code  0x080033e4     0x4  startup_stm32l152xc.o [1]
  .text               ro code  0x080033e8     0x4  startup_stm32l152xc.o [1]
  .text               ro code  0x080033ec     0x4  startup_stm32l152xc.o [1]
  .text               ro code  0x080033f0     0x4  startup_stm32l152xc.o [1]
  .text               ro code  0x080033f4     0x4  startup_stm32l152xc.o [1]
  .text               ro code  0x080033f8     0x4  startup_stm32l152xc.o [1]
  .text               ro code  0x080033fc     0x4  startup_stm32l152xc.o [1]
  .text               ro code  0x08003400     0x4  startup_stm32l152xc.o [1]
  .text               ro code  0x08003404     0x4  startup_stm32l152xc.o [1]
  .text               ro code  0x08003408     0x4  startup_stm32l152xc.o [1]
  .text               ro code  0x0800340c     0x4  startup_stm32l152xc.o [1]
  .text               ro code  0x08003410     0x4  startup_stm32l152xc.o [1]
  .text               ro code  0x08003414     0x4  startup_stm32l152xc.o [1]
  .text               ro code  0x08003418     0x4  startup_stm32l152xc.o [1]
  .text               ro code  0x0800341c     0x4  startup_stm32l152xc.o [1]
  .text               ro code  0x08003420     0x4  startup_stm32l152xc.o [1]
  .text               ro code  0x08003424     0x4  startup_stm32l152xc.o [1]
  .text               ro code  0x08003428     0x4  startup_stm32l152xc.o [1]
  .text               ro code  0x0800342c     0x4  startup_stm32l152xc.o [1]
  .text               ro code  0x08003430     0x4  startup_stm32l152xc.o [1]
  .text               ro code  0x08003434     0x4  startup_stm32l152xc.o [1]
  .text               ro code  0x08003438     0x4  startup_stm32l152xc.o [1]
  .text               ro code  0x0800343c     0x4  startup_stm32l152xc.o [1]
  .text               ro code  0x08003440     0x4  startup_stm32l152xc.o [1]
  .text               ro code  0x08003444     0x4  startup_stm32l152xc.o [1]
  .text               ro code  0x08003448     0x4  startup_stm32l152xc.o [1]
  .text               ro code  0x0800344c     0x4  startup_stm32l152xc.o [1]
  .text               ro code  0x08003450     0x4  startup_stm32l152xc.o [1]
  .text               ro code  0x08003454     0x4  startup_stm32l152xc.o [1]
  .text               ro code  0x08003458     0x4  startup_stm32l152xc.o [1]
  .text               ro code  0x0800345c     0x4  startup_stm32l152xc.o [1]
  .text               ro code  0x08003460     0x4  startup_stm32l152xc.o [1]
  .text               ro code  0x08003464     0x4  startup_stm32l152xc.o [1]
  .text               ro code  0x08003468     0x4  startup_stm32l152xc.o [1]
  .rodata             const    0x0800346c     0x0  zero_init3.o [5]
  .rodata             const    0x0800346c     0x0  packbits_init_single.o [5]
  Initializer bytes   const    0x0800346c    0x31  <for P2-1>
                             - 0x0800349d  0x3379

"P2", part 1 of 3:                          0x140
  P2-1                         0x20000000   0x140  <Init block>
    .data             inited   0x20000000     0x4  system_stm32l1xx.o [1]
    .data             inited   0x20000004    0x40  xfiles.o [3]
    __DLIB_PERTHREAD  inited   0x20000044    0x88  localeconv.o [3]
    __DLIB_PERTHREAD  inited   0x200000cc    0x74  setlocale.o [3]
                             - 0x20000140   0x140

"P2", part 2 of 3:                          0x600
  CSTACK                       0x20000140   0x400  <Block>
    CSTACK            uninit   0x20000140   0x400  <Block tail>
  HEAP                         0x20000540   0x200  <Block>
    HEAP              uninit   0x20000540   0x200  <Block tail>
                             - 0x20000740   0x600

"P2", part 3 of 3:                           0xa0
  .bss                zero     0x20000740    0x50  xfiles.o [3]
  .bss                zero     0x20000790    0x40  main.o [1]
  .bss                zero     0x200007d0     0x8  xxmemxmalloc.o [3]
  .bss                zero     0x200007d8     0x4  stm32l1xx_hal.o [1]
  .bss                zero     0x200007dc     0x4  xgetmemchunk.o [3]
                             - 0x200007e0    0xa0


*******************************************************************************
*** INIT TABLE
***

          Address     Size
          -------     ----
Zero (__iar_zero_init3)
    1 destination range, total size 0xa0:
          0x20000740   0xa0

Copy/packbits (__iar_packbits_init_single3)
    1 source range, total size 0x31 (15% of destination):
          0x0800346c   0x31
    1 destination range, total size 0x140:
          0x20000000  0x140



*******************************************************************************
*** MODULE SUMMARY
***

    Module                  ro code  ro data  rw data
    ------                  -------  -------  -------
F:\Documents\ARM\STM32CubeMX\Test UART\EWARM\Test UART\Obj: [1]
    main.o                      660                64
    startup_stm32l152xc.o       548
    stm32l1xx_hal.o             114                 4
    stm32l1xx_hal_cortex.o      222
    stm32l1xx_hal_gpio.o        416
    stm32l1xx_hal_msp.o         248
    stm32l1xx_hal_pwr_ex.o       16
    stm32l1xx_hal_rcc.o       1 564
    stm32l1xx_hal_uart.o      1 260
    stm32l1xx_it.o               24
    system_stm32l1xx.o          100        8        4
    -------------------------------------------------
    Total:                    5 172        8       72

command line: [2]
    -------------------------------------------------
    Total:

dl7M_tlf.a: [3]
    div.o                        14
    exit.o                        4
    localeconv.o                108       21      136
    low_level_init.o              4
    printf.o                     36
    putchar.o                    12
    setlocale.o                  20       18      116
    xencoding_sb.o               96
    xfiles.o                              10      144
    xgetmemchunk.o               44                 4
    xmbcurmax.o                  10
    xmbtowc.o                    32
    xprintffull.o             4 506
    xprout.o                     22
    xtls.o                        2
    xwctomb.o                    26
    xxmemxfree.o                128
    xxmemxmalloc.o              176                 8
    -------------------------------------------------
    Total:                    5 240       49      408

m7M_tl.a: [4]
    DblAdd.o                    212
    DblCmpGe.o                   46
    DblCmpLe.o                   46
    DblDiv.o                    598
    DblMul.o                    418
    DblSub.o                    384
    DblToI32.o                   88
    I32ToDbl.o                   48
    xdnorm.o                     68
    xdscale.o                   268
    -------------------------------------------------
    Total:                    2 176

rt7M_tl.a: [5]
    ABImemcpy_unaligned.o       118
    I64DivMod.o                 238
    I64DivZer.o                   2
    cexit.o                      10
    cmain.o                      26
    cstartup_M.o                 12
    data_init.o                  40
    memchr.o                     88
    packbits_init_single.o       56
    strchr.o                     22
    strlen.o                     54
    zero_init3.o                 64
    -------------------------------------------------
    Total:                      730

shb_l.a: [6]
    exit.o                       20
    -------------------------------------------------
    Total:                       20

    Gaps                         42
    Linker created                        32    1 536
-----------------------------------------------------
    Grand Total:             13 380       89    2 016


*******************************************************************************
*** ENTRY LIST
***

Entry                      Address   Size  Type      Object
-----                      -------   ----  ----      ------
.iar.init_table$$Base   0x080032a8          --   Gb  - Linker created -
.iar.init_table$$Limit  0x080032c8          --   Gb  - Linker created -
?main                   0x080032c9         Code  Gb  cmain.o [5]
AHBPrescTable           0x080031f8   0x10  Data  Gb  system_stm32l1xx.o [1]
APBPrescTable           0x08003374    0x8  Data  Gb  system_stm32l1xx.o [1]
CSTACK$$Base            0x20000140          --   Gb  - Linker created -
CSTACK$$Limit           0x20000540          --   Gb  - Linker created -
HAL_Delay               0x0800318d   0x18  Code  Wk  stm32l1xx_hal.o [1]
HAL_GPIO_Init           0x08002d1d  0x16c  Code  Gb  stm32l1xx_hal_gpio.o [1]
HAL_GPIO_WritePin       0x08002e93    0x8  Code  Gb  stm32l1xx_hal_gpio.o [1]
HAL_GetTick             0x08002611    0xc  Code  Wk  stm32l1xx_hal.o [1]
HAL_IncTick             0x08003325   0x10  Code  Wk  stm32l1xx_hal.o [1]
HAL_Init                0x08003151   0x16  Code  Gb  stm32l1xx_hal.o [1]
HAL_InitTick            0x0800261d   0x28  Code  Wk  stm32l1xx_hal.o [1]
HAL_MspInit             0x08002c1d   0x98  Code  Gb  stm32l1xx_hal_msp.o [1]
HAL_NVIC_EnableIRQ      0x080026c3    0xc  Code  Gb  stm32l1xx_hal_cortex.o [1]
HAL_NVIC_SetPriority    0x08002689   0x3a  Code  Gb  stm32l1xx_hal_cortex.o [1]
HAL_NVIC_SetPriorityGrouping
                        0x0800266f   0x1a  Code  Gb  stm32l1xx_hal_cortex.o [1]
HAL_PWREx_GetVoltageRange
                        0x08002645    0xa  Code  Gb  stm32l1xx_hal_pwr_ex.o [1]
HAL_RCC_ClockConfig     0x0800238b  0x134  Code  Gb  stm32l1xx_hal_rcc.o [1]
HAL_RCC_GetHCLKFreq     0x08002541    0x6  Code  Gb  stm32l1xx_hal_rcc.o [1]
HAL_RCC_GetPCLK1Freq    0x08002547   0x10  Code  Gb  stm32l1xx_hal_rcc.o [1]
HAL_RCC_GetPCLK2Freq    0x08002557    0xe  Code  Gb  stm32l1xx_hal_rcc.o [1]
HAL_RCC_GetSysClockFreq
                        0x080024ed   0x54  Code  Gb  stm32l1xx_hal_rcc.o [1]
HAL_RCC_OscConfig       0x08001ff5  0x360  Code  Gb  stm32l1xx_hal_rcc.o [1]
HAL_SYSTICK_CLKSourceConfig
                        0x080026ff   0x14  Code  Gb  stm32l1xx_hal_cortex.o [1]
HAL_SYSTICK_Callback    0x08002731    0x2  Code  Wk  stm32l1xx_hal_cortex.o [1]
HAL_SYSTICK_Config      0x080026d7   0x28  Code  Gb  stm32l1xx_hal_cortex.o [1]
HAL_SYSTICK_IRQHandler  0x0800272d    0x4  Code  Gb  stm32l1xx_hal_cortex.o [1]
HAL_UART_ErrorCallback  0x08002d17    0x2  Code  Wk  stm32l1xx_hal_uart.o [1]
HAL_UART_IRQHandler     0x08002865  0x10c  Code  Gb  stm32l1xx_hal_uart.o [1]
HAL_UART_Init           0x08002735   0x22  Code  Gb  stm32l1xx_hal_uart.o [1]
HAL_UART_MspInit        0x08002cb5   0x52  Code  Gb  stm32l1xx_hal_msp.o [1]
HAL_UART_RxCpltCallback
                        0x08002d19    0x2  Code  Wk  stm32l1xx_hal_uart.o [1]
HAL_UART_Transmit       0x080027ab   0x90  Code  Gb  stm32l1xx_hal_uart.o [1]
HAL_UART_TxCpltCallback
                        0x08002d15    0x2  Code  Wk  stm32l1xx_hal_uart.o [1]
HEAP$$Base              0x20000540          --   Gb  - Linker created -
HEAP$$Limit             0x20000740          --   Gb  - Linker created -
LoadInt                 0x0800079b   0x6e  Code  Lc  xprintffull.o [3]
MX_GPIO_Init            0x08002f9d  0x114  Code  Lc  main.o [1]
NVIC_SetPriority        0x08002655   0x1a  Code  Lc  stm32l1xx_hal_cortex.o [1]
PLLMulTable             0x080031ec    0xc  Data  Gb  system_stm32l1xx.o [1]
RCC_SetFlashLatencyFromMSIRange
                        0x0800256b   0x6e  Code  Lc  stm32l1xx_hal_rcc.o [1]
Region$$Table$$Base     0x080032a8          --   Gb  - Linker created -
Region$$Table$$Limit    0x080032c8          --   Gb  - Linker created -
SysTick_Handler         0x0800330d    0xe  Code  Gb  stm32l1xx_it.o [1]
SystemClock_Config      0x08002f1f   0x7e  Code  Gb  main.o [1]
SystemCoreClock         0x20000000    0x4  Data  Gb  system_stm32l1xx.o [1]
SystemInit              0x080031a5   0x38  Code  Gb  system_stm32l1xx.o [1]
UART_Receive_IT         0x08002a0b   0xa2  Code  Lc  stm32l1xx_hal_uart.o [1]
UART_SetConfig          0x08002aad  0x130  Code  Lc  stm32l1xx_hal_uart.o [1]
UART_WaitOnFlagUntilTimeout
                        0x08002971   0x8a  Code  Lc  stm32l1xx_hal_uart.o [1]
USART1_IRQHandler       0x0800331b    0x6  Code  Gb  stm32l1xx_it.o [1]
_EncodingSb_Mbtowc      0x08001ea7   0x30  Code  Gb  xencoding_sb.o [3]
_EncodingSb_Mbtowc::initial
                        0x08001ee4    0x8  Data  Lc  xencoding_sb.o [3]
_EncodingSb_Wctomb      0x08001e8d   0x1a  Code  Gb  xencoding_sb.o [3]
_EncodingSb_Wctomb::initial
                        0x08001edc    0x8  Data  Lc  xencoding_sb.o [3]
_GenldFull              0x08001021  0x254  Code  Lc  xprintffull.o [3]
_IsdstStr               0x200000d0    0x4  Data  Gb  setlocale.o [3]
_LdtobFull              0x08000c21  0x3fa  Code  Lc  xprintffull.o [3]
_LitobFull              0x08000b15  0x10a  Code  Lc  xprintffull.o [3]
_LocaleEncoding         0x08001e79    0xe  Code  Gb  setlocale.o [3]
_LocaleReturnString     0x200000f0   0x50  Data  Lc  setlocale.o [3]
_Locale_Profile         0x200000d4   0x1c  Data  Gb  setlocale.o [3]
_Locale_aeabi_lconv     0x20000094   0x38  Data  Gb  localeconv.o [3]
_Locale_lconv           0x20000044   0x50  Data  Gb  localeconv.o [3]
_Mbtowc                 0x080012bf   0x20  Code  Gb  xmbtowc.o [3]
_PrintfFull             0x08000125  0x660  Code  Gb  xprintffull.o [3]
_Prout                  0x08003335   0x16  Code  Gb  xprout.o [3]
_PutcharsFull           0x08001275   0x2e  Code  Lc  xprintffull.o [3]
_PutstrFull             0x08000809  0x306  Code  Lc  xprintffull.o [3]
_TzoneStr               0x200000cc    0x4  Data  Gb  setlocale.o [3]
_Wctomb                 0x08001445   0x1a  Code  Gb  xwctomb.o [3]
__aeabi_cdcmple         0x0800168d         Code  Gb  DblCmpLe.o [4]
__aeabi_cdrcmple        0x080016bd         Code  Gb  DblCmpGe.o [4]
__aeabi_d2iz            0x080017f9         Code  Gb  DblToI32.o [4]
__aeabi_d2uiz           0x08001825         Code  Gb  DblToI32.o [4]
__aeabi_ddiv            0x08001ba5         Code  Gb  DblDiv.o [4]
__aeabi_dmul            0x08001a01         Code  Gb  DblMul.o [4]
__aeabi_dsub            0x08001881         Code  Gb  DblSub.o [4]
__aeabi_i2d             0x08001851         Code  Gb  I32ToDbl.o [4]
__aeabi_ldiv0           0x08001f19         Code  Gb  I64DivZer.o [5]
__aeabi_ui2d            0x08001865         Code  Gb  I32ToDbl.o [4]
__aeabi_uldivmod        0x08001559         Code  Gb  I64DivMod.o [5]
__cmain                 0x080032c9         Code  Gb  cmain.o [5]
__data_Aldata           0x200007d0    0x8  Data  Gb  xxmemxmalloc.o [3]
__data_GetMemChunk      0x08001eed   0x2c  Code  Gb  xgetmemchunk.o [3]
__data_GetMemChunk::start
                        0x200007dc    0x4  Data  Lc  xgetmemchunk.o [3]
__exit                  0x080032f9   0x14  Code  Gb  exit.o [6]
__iar_Dnorm             0x08001647   0x44  Code  Gb  xdnorm.o [4]
__iar_Dscale            0x080016ed  0x10c  Code  Gb  xdscale.o [4]
__iar_Locale_lconv_init
                        0x08001dfd   0x3a  Code  Gb  localeconv.o [3]
__iar_Mbcurmax          0x08001389    0xa  Code  Gb  xmbcurmax.o [3]
__iar_Memchr            0x08001331         Code  Gb  memchr.o [5]
__iar_Stdout            0x20000004   0x40  Data  Gb  xfiles.o [3]
__iar_Strchr            0x080012e1         Code  Gb  strchr.o [5]
__iar_d2uiz             0x08001831         Code  Gb  DblToI32.o [4]
__iar_dadd              0x08001f1d         Code  Gb  DblAdd.o [4]
__iar_data_init3        0x08003281   0x28  Code  Gb  data_init.o [5]
__iar_dlib_perthread_access
                        0x08001ff1    0x2  Code  Gb  xtls.o [3]
__iar_dsub              0x08001895         Code  Gb  DblSub.o [4]
__iar_dsubStart         0x080018a7         Code  Gb  DblSub.o [4]
__iar_packbits_init_single3
                        0x08003249   0x38  Code  Gb  packbits_init_single.o [5]
__iar_program_start     0x08003369         Code  Gb  cstartup_M.o [5]
__iar_ui2d              0x08001869         Code  Gb  I32ToDbl.o [4]
__iar_unaligned___aeabi_memcpy
                        0x08001461         Code  Gb  ABImemcpy_unaligned.o [5]
__iar_unaligned___aeabi_memcpy4
                        0x08001481         Code  Gb  ABImemcpy_unaligned.o [5]
__iar_unaligned___aeabi_memcpy8
                        0x08001481         Code  Gb  ABImemcpy_unaligned.o [5]
__iar_zero_init3        0x08003209   0x40  Code  Gb  zero_init3.o [5]
__low_level_init        0x080032e3    0x4  Code  Gb  low_level_init.o [3]
__vector_table          0x08000000         Data  Gb  startup_stm32l152xc.o [1]
_call_main              0x080032d5         Code  Gb  cmain.o [5]
_exit                   0x080032ed         Code  Gb  cexit.o [5]
_main                   0x080032df         Code  Gb  cmain.o [5]
div                     0x08001e69    0xe  Code  Gb  div.o [3]
exit                    0x080032e7    0x4  Code  Gb  exit.o [3]
fputc                   0x08002ebd   0x14  Code  Gb  main.o [1]
free                    0x080014d9   0x7a  Code  Gb  xxmemxfree.o [3]
huart1                  0x20000790   0x40  Data  Gb  main.o [1]
localeconv              0x08001e37   0x16  Code  Gb  localeconv.o [3]
main                    0x08002ed1   0x4e  Code  Gb  main.o [1]
malloc                  0x08001395   0xac  Code  Gb  xxmemxmalloc.o [3]
memchr                  0x08001331         Code  Gb  memchr.o [5]
obuf                    0x20000740   0x50  Data  Lc  xfiles.o [3]
printf                  0x08003169   0x24  Code  Gb  printf.o [3]
putchar                 0x0800334d    0xc  Code  Gb  putchar.o [3]
strchr                  0x080012e1         Code  Gb  strchr.o [5]
strlen                  0x080012f9         Code  Gb  strlen.o [5]
uwTick                  0x200007d8    0x4  Data  Gb  stm32l1xx_hal.o [1]


[1] = F:\Documents\ARM\STM32CubeMX\Test UART\EWARM\Test UART\Obj
[2] = command line
[3] = dl7M_tlf.a
[4] = m7M_tl.a
[5] = rt7M_tl.a
[6] = shb_l.a

  13 380 bytes of readonly  code memory
      89 bytes of readonly  data memory
   2 016 bytes of readwrite data memory

Errors: none
Warnings: none
